

main
execve(ft_strjoin("/usr/bin/", input), ft_split(input, ' '), envp);

c3r11s2% bash
mgrillo@c3r11s2:~/philo_con_data$ << a  ls >b
> sadasd
> a
mgrillo@c3r11s2:~/philo_con_data$ > b << a ls
> asdas
> a
mgrillo@c3r11s2:~/philo_con_data$ > c << a lsa
> asd
> a
Command 'lsa' not found, but there are 19 similar ones.
mgrillo@c3r11s2:~/philo_con_data$ > e << a ls | << b ls -la > d
> aasda
> a
> b
mgrillo@c3r11s2:~/philo_con_data$ > f << a lsa | << b lss -la > h
aasda
a
b

Command 'lsa' not found, but there are 19 similar ones.
Command 'lss' not found, but there are 15 similar ones.
mgrillo@c3r11s2:~/philo_con_data$ 
mgrillo@c3r11s2:~/philo_con_data$ > f << a lsa | << b lss -la > h
> asd
> a
> b
Command 'lss' not found, but there are 15 similar ones.
Command 'lsa' not found, but there are 19 similar ones.
mgrillo@c3r11s2:~/philo_con_data$ bash
mgrillo@c3r11s2:~/philo_con_data$ exit asdfghjkl2
exit
bash: exit: asdfghjkl2: numeric argument required
mgrillo@c3r11s2:~/philo_con_data$ 





1) grep hola < text.txt | wc -w   
>




ECHO:
$ echo ''
                  # línea vacía
$ echo ""
                  # línea vacía
$ e"c"ho ""
                  # línea vacía
$ e"c"ho ''
                  # línea vacía
$ e"c"ho "$USER"
mgrillo           # expande la variable
$ e"c"ho '"$USER"'
"$USER"           # mantiene el texto literal
$ e"c"ho "$uasgasg"
                  # línea vacía porque la variable no existe
$ e"c"ho '"$uasgasg"'
"$uasgasg"        # mantiene el texto literal




mgrillo@c2r5s3:~$ export kk="hola            mundo          brutal"
mgrillo@c2r5s3:~$ env
SHELL=/bin/zsh
SESSION_MANAGER=local/c2r5s3.42madrid.com:@/tmp/.ICE-unix/2200625,unix/c2r5s3.42madrid.com:/tmp/.ICE-unix/2200625
QT_ACCESSIBILITY=1
COLORTERM=truecolor
XDG_CONFIG_DIRS=/etc/xdg/xdg-ubuntu:/etc/xdg
SSH_AGENT_LAUNCHER=gnome-keyring
XDG_SESSION_PATH=/org/freedesktop/DisplayManager/Session4
XDG_MENU_PREFIX=gnome-
GNOME_DESKTOP_SESSION_ID=this-is-deprecated
GTK_IM_MODULE=ibus
LANGUAGE=en
SSH_AUTH_SOCK=/run/user/101798/keyring/ssh
XMODIFIERS=@im=ibus
DESKTOP_SESSION=ubuntu
FT_HOOK_NAME=login-user
GTK_MODULES=gail:atk-bridge
FT_HOOK_PATHNAME=login-user.d
KRB5CCNAME=FILE:/tmp/krb5cc_101798_Paujl0
PWD=/home/mgrillo
LOGNAME=mgrillo
XDG_SESSION_DESKTOP=ubuntu
XDG_SESSION_TYPE=x11
GPG_AGENT_INFO=/run/user/101798/gnupg/S.gpg-agent:0:1
SYSTEMD_EXEC_PID=2200647
XAUTHORITY=/home/mgrillo/.Xauthority
XDG_GREETER_DATA_DIR=/var/lib/lightdm-data/mgrillo
GDM_LANG=en
HOME=/home/mgrillo
LANG=en_GB.UTF-8
XDG_CURRENT_DESKTOP=ubuntu:GNOME
VTE_VERSION=6800
XDG_SEAT_PATH=/org/freedesktop/DisplayManager/Seat0
GNOME_TERMINAL_SCREEN=/org/gnome/Terminal/screen/6f940f23_22fd_4ed1_b842_8403aedf440a
kk=hola            mundo          brutal
XDG_SESSION_CLASS=user
TERM=xterm-256color
LIBVIRT_DEFAULT_URI=qemu:///system
USER=mgrillo
GNOME_TERMINAL_SERVICE=:1.90
DISPLAY=:0
SHLVL=2
QT_IM_MODULE=ibus
XDG_RUNTIME_DIR=/run/user/101798
DOCKER_HOST=unix:///run/user/101798/docker.sock
XDG_DATA_DIRS=/usr/share/ubuntu:/usr/share/gnome:/home/mgrillo/.local/share/flatpak/exports/share:/var/lib/flatpak/exports/share:/usr/local/share:/usr/share:/var/lib/snapd/desktop
PATH=/home/mgrillo/bin:/usr/local/sbin:/usr/local/bin:/usr/sbin:/usr/bin:/sbin:/bin:/usr/games:/usr/local/games:/snap/bin
MACADDRESS=38:f9:d3:13:1b:f5
GDMSESSION=ubuntu
DBUS_SESSION_BUS_ADDRESS=unix:path=/run/user/101798/bus
OLDPWD=/home/mgrillo
_=/usr/bin/env
mgrillo@c2r5s3:~$ echo $kk
hola mundo brutal
mgrillo@c2r5s3:~$ export kk=echo
mgrillo@c2r5s3:~$ $kk patata
patata
mgrillo@c2r5s3:~$ echo $kk patata
echo patata
mgrillo@c2r5s3:~$ ">"^C






>kk">" ls


